../TouchGFX/gui/include/gui/model/DashboardTypes.hpp:23:5:BandyState::BandyState()	16	static
../Middlewares/ST/touchgfx/framework/include/mvp/Presenter.hpp:37:18:virtual void touchgfx::Presenter::activate()	16	static
../Middlewares/ST/touchgfx/framework/include/mvp/Presenter.hpp:47:18:virtual void touchgfx::Presenter::deactivate()	16	static
../Middlewares/ST/touchgfx/framework/include/mvp/Presenter.hpp:52:13:touchgfx::Presenter::~Presenter()	16	static
../Middlewares/ST/touchgfx/framework/include/mvp/Presenter.hpp:52:13:virtual touchgfx::Presenter::~Presenter()	16	static
../Middlewares/ST/touchgfx/framework/include/mvp/Presenter.hpp:58:5:touchgfx::Presenter::Presenter()	16	static
../TouchGFX/gui/include/gui/model/Model.hpp:35:16:BandyState Model::getBandyState() const	16	static
../TouchGFX/gui/include/gui/model/ModelListener.hpp:11:5:ModelListener::ModelListener()	16	static
../TouchGFX/gui/include/gui/model/ModelListener.hpp:16:13:ModelListener::~ModelListener()	16	static
../TouchGFX/gui/include/gui/model/ModelListener.hpp:16:13:virtual ModelListener::~ModelListener()	16	static
../TouchGFX/gui/include/gui/model/ModelListener.hpp:25:18:virtual void ModelListener::bandyStateUpdated(const BandyState&)	16	static
../TouchGFX/gui/include/gui/screen5_screen/Screen5Presenter.hpp:34:13:Screen5Presenter::~Screen5Presenter()	16	static
../TouchGFX/gui/include/gui/screen5_screen/Screen5Presenter.hpp:34:13:virtual Screen5Presenter::~Screen5Presenter()	16	static
../TouchGFX/gui/src/screen5_screen/Screen5Presenter.cpp:4:1:Screen5Presenter::Screen5Presenter(Screen5View&)	16	static
../TouchGFX/gui/src/screen5_screen/Screen5Presenter.cpp:10:6:virtual void Screen5Presenter::activate()	40	static
../TouchGFX/gui/src/screen5_screen/Screen5Presenter.cpp:19:6:virtual void Screen5Presenter::deactivate()	16	static
../TouchGFX/gui/src/screen5_screen/Screen5Presenter.cpp:24:6:virtual void Screen5Presenter::bandyStateUpdated(const BandyState&)	16	static
../TouchGFX/gui/src/screen5_screen/Screen5Presenter.cpp:29:12:BandyState Screen5Presenter::getBandyState() const	16	static
../TouchGFX/gui/src/screen5_screen/Screen5Presenter.cpp:34:6:void Screen5Presenter::increaseTarget()	16	static
../TouchGFX/gui/src/screen5_screen/Screen5Presenter.cpp:42:6:void Screen5Presenter::decreaseTarget()	16	static
