../Middlewares/ST/touchgfx/framework/include/touchgfx/Screen.hpp:104:18:virtual void touchgfx::Screen::afterTransition()	0	static
../Middlewares/ST/touchgfx/framework/include/touchgfx/Screen.hpp:144:18:virtual void touchgfx::Screen::handleTickEvent()	0	static
../Middlewares/ST/touchgfx/framework/include/touchgfx/Screen.hpp:154:18:virtual void touchgfx::Screen::handleKeyEvent(uint8_t)	0	static
../TouchGFX/gui/src/screen5_screen/Screen5View.cpp:22:6:virtual void Screen5View::tearDownScreen()	0	static
../TouchGFX/gui/src/screen5_screen/Screen5View.cpp:28:6:virtual void Screen5View::backClicked()	8	static
../TouchGFX/gui/src/screen5_screen/Screen5View.cpp:33:6:virtual void Screen5View::decreaseTargetClicked()	0	static
../TouchGFX/gui/src/screen5_screen/Screen5View.cpp:41:6:virtual void Screen5View::increaseTargetClicked()	0	static
../TouchGFX/gui/src/screen5_screen/Screen5View.cpp:49:6:virtual void Screen5View::openKeypadClicked()	8	static
../TouchGFX/gui/include/gui/screen5_screen/Screen5View.hpp:12:13:Screen5View::~Screen5View()	8	static
../TouchGFX/gui/include/gui/screen5_screen/Screen5View.hpp:12:13:virtual Screen5View::~Screen5View()	8	static
../TouchGFX/gui/src/screen5_screen/Screen5View.cpp:5:1:Screen5View::Screen5View()	8	static
../TouchGFX/gui/src/screen5_screen/Screen5View.cpp:54:6:void Screen5View::applyBandyState(const BandyState&)	24	static
../TouchGFX/gui/src/screen5_screen/Screen5View.cpp:11:6:virtual void Screen5View::setupScreen()	24	static
