../TouchGFX/gui/include/gui/screen5_screen/Screen5Presenter.hpp:34:13:Screen5Presenter::~Screen5Presenter()	0	static
../TouchGFX/gui/src/screen5_screen/Screen5Presenter.cpp:19:6:virtual void Screen5Presenter::deactivate()	0	static
../TouchGFX/gui/include/gui/screen5_screen/Screen5Presenter.hpp:34:13:virtual Screen5Presenter::~Screen5Presenter()	8	static
../TouchGFX/gui/src/screen5_screen/Screen5Presenter.cpp:24:6:virtual void Screen5Presenter::bandyStateUpdated(const BandyState&)	0	static
../TouchGFX/gui/src/screen5_screen/Screen5Presenter.cpp:10:6:virtual void Screen5Presenter::activate()	32	static
../TouchGFX/gui/include/gui/screen5_screen/Screen5Presenter.hpp:34:13:virtual void* Screen5Presenter::_ZThn4_N16Screen5PresenterD1Ev()	0	static
../TouchGFX/gui/src/screen5_screen/Screen5Presenter.cpp:4:1:Screen5Presenter::Screen5Presenter(Screen5View&)	0	static
../TouchGFX/gui/src/screen5_screen/Screen5Presenter.cpp:29:12:BandyState Screen5Presenter::getBandyState() const	8	static
../TouchGFX/gui/src/screen5_screen/Screen5Presenter.cpp:34:6:void Screen5Presenter::increaseTarget()	0	static
../TouchGFX/gui/src/screen5_screen/Screen5Presenter.cpp:42:6:void Screen5Presenter::decreaseTarget()	0	static
