../Middlewares/ST/touchgfx/framework/include/touchgfx/Screen.hpp:104:18:virtual void touchgfx::Screen::afterTransition()	0	static
../Middlewares/ST/touchgfx/framework/include/touchgfx/Screen.hpp:154:18:virtual void touchgfx::Screen::handleKeyEvent(uint8_t)	0	static
../Middlewares/ST/touchgfx/framework/include/touchgfx/TypedText.hpp:65:13:touchgfx::TypedText::~TypedText()	0	static
../TouchGFX/gui/src/screen21_screen/Screen21View.cpp:36:6:virtual void Screen21View::tearDownScreen()	0	static
../Middlewares/ST/touchgfx/framework/include/touchgfx/TypedText.hpp:65:13:virtual touchgfx::TypedText::~TypedText()	8	static
../TouchGFX/gui/include/gui/screen21_screen/Screen21View.hpp:11:13:Screen21View::~Screen21View()	8	static
../TouchGFX/gui/include/gui/screen21_screen/Screen21View.hpp:11:13:virtual Screen21View::~Screen21View()	8	static
../TouchGFX/gui/src/screen21_screen/Screen21View.cpp:62:6:virtual void Screen21View::backClicked()	40	static
../TouchGFX/gui/src/screen21_screen/Screen21View.cpp:81:6:virtual void Screen21View::retryClicked()	40	static
../TouchGFX/gui/src/screen21_screen/Screen21View.cpp:16:1:Screen21View::Screen21View()	8	static
../TouchGFX/gui/src/screen21_screen/Screen21View.cpp:178:6:bool Screen21View::isRetryAvailable(const PneumaticPretestStatus&) const	0	static
../TouchGFX/gui/src/screen21_screen/Screen21View.cpp:168:6:void Screen21View::hideReleaseDots()	8	static
../TouchGFX/gui/src/screen21_screen/Screen21View.cpp:155:6:void Screen21View::updateDots(uint8_t)	24	static
../TouchGFX/gui/src/screen21_screen/Screen21View.cpp:41:6:virtual void Screen21View::handleTickEvent()	8	static
../TouchGFX/gui/src/screen21_screen/Screen21View.cpp:136:6:void Screen21View::setReleaseDotsActive(bool)	0	static
../TouchGFX/gui/src/screen21_screen/Screen21View.cpp:111:6:void Screen21View::applyStatus(const PneumaticPretestStatus&)	40	static
../TouchGFX/gui/src/screen21_screen/Screen21View.cpp:24:6:virtual void Screen21View::setupScreen()	40	static
../TouchGFX/gui/src/screen21_screen/Screen21View.cpp:95:6:void Screen21View::updatePretest(const PneumaticPretestStatus&)	16	static
