../TouchGFX/gui/include/gui/model/ModelListener.hpp:25:18:virtual void ModelListener::bandyStateUpdated(const BandyState&)	0	static
../TouchGFX/gui/include/gui/screen21_screen/Screen21Presenter.hpp:32:13:Screen21Presenter::~Screen21Presenter()	0	static
../TouchGFX/gui/src/screen21_screen/Screen21Presenter.cpp:11:6:virtual void Screen21Presenter::activate()	0	static
../TouchGFX/gui/include/gui/screen21_screen/Screen21Presenter.hpp:32:13:virtual Screen21Presenter::~Screen21Presenter()	8	static
../TouchGFX/gui/src/screen21_screen/Screen21Presenter.cpp:21:6:virtual void Screen21Presenter::pneumaticPretestUpdated(const PneumaticPretestStatus&)	0	static
../TouchGFX/gui/include/gui/screen21_screen/Screen21Presenter.hpp:32:13:virtual void* Screen21Presenter::_ZThn4_N17Screen21PresenterD1Ev()	0	static
../TouchGFX/gui/src/screen21_screen/Screen21Presenter.cpp:5:1:Screen21Presenter::Screen21Presenter(Screen21View&)	0	static
../TouchGFX/gui/src/screen21_screen/Screen21Presenter.cpp:26:24:PneumaticPretestStatus Screen21Presenter::getStatus() const	16	static
../TouchGFX/gui/src/screen21_screen/Screen21Presenter.cpp:31:6:bool Screen21Presenter::retryPretest()	0	static
../TouchGFX/gui/src/screen21_screen/Screen21Presenter.cpp:36:6:void Screen21Presenter::resetPretest()	0	static
