../Middlewares/ST/touchgfx/framework/include/touchgfx/Screen.hpp:104:18:virtual void touchgfx::Screen::afterTransition()	0	static
../Middlewares/ST/touchgfx/framework/include/touchgfx/Screen.hpp:154:18:virtual void touchgfx::Screen::handleKeyEvent(uint8_t)	0	static
../TouchGFX/gui/src/screen8_screen/Screen8View.cpp:18:6:virtual void Screen8View::tearDownScreen()	0	static
../TouchGFX/gui/src/screen8_screen/Screen8View.cpp:33:6:virtual void Screen8View::backClicked()	8	static
../TouchGFX/gui/include/gui/screen8_screen/Screen8View.hpp:11:13:Screen8View::~Screen8View()	8	static
../TouchGFX/gui/include/gui/screen8_screen/Screen8View.hpp:11:13:virtual Screen8View::~Screen8View()	8	static
../TouchGFX/gui/src/screen8_screen/Screen8View.cpp:24:6:virtual void Screen8View::handleTickEvent()	8	static
../TouchGFX/gui/src/screen8_screen/Screen8View.cpp:4:1:Screen8View::Screen8View()	8	static
../TouchGFX/gui/src/screen8_screen/Screen8View.cpp:9:6:virtual void Screen8View::setupScreen()	24	static
