../TouchGFX/gui/include/gui/model/ModelListener.hpp:25:18:virtual void ModelListener::bandyStateUpdated(const BandyState&)	0	static
../TouchGFX/gui/include/gui/screen8_screen/Screen8Presenter.hpp:25:13:Screen8Presenter::~Screen8Presenter()	0	static
../TouchGFX/gui/src/screen8_screen/Screen8Presenter.cpp:19:6:virtual void Screen8Presenter::activate()	0	static
../TouchGFX/gui/include/gui/screen8_screen/Screen8Presenter.hpp:25:13:virtual Screen8Presenter::~Screen8Presenter()	8	static
../TouchGFX/gui/include/gui/screen8_screen/Screen8Presenter.hpp:25:13:virtual void* Screen8Presenter::_ZThn4_N16Screen8PresenterD1Ev()	0	static
../TouchGFX/gui/src/screen8_screen/Screen8Presenter.cpp:9:1:Screen8Presenter::Screen8Presenter(Screen8View&)	0	static
../TouchGFX/gui/src/screen8_screen/Screen8Presenter.cpp:35:6:void Screen8Presenter::initializeHemorflowMonitor()	0	static
../TouchGFX/gui/src/screen8_screen/Screen8Presenter.cpp:45:6:bool Screen8Presenter::canOpenHemorflowMonitor() const	0	static
