../TouchGFX/gui/include/gui/model/DashboardTypes.hpp:24:5:BandyState::BandyState()	16	static
../Middlewares/ST/touchgfx/framework/include/mvp/Presenter.hpp:37:18:virtual void touchgfx::Presenter::activate()	16	static
../Middlewares/ST/touchgfx/framework/include/mvp/Presenter.hpp:47:18:virtual void touchgfx::Presenter::deactivate()	16	static
../Middlewares/ST/touchgfx/framework/include/mvp/Presenter.hpp:52:13:touchgfx::Presenter::~Presenter()	16	static
../Middlewares/ST/touchgfx/framework/include/mvp/Presenter.hpp:52:13:virtual touchgfx::Presenter::~Presenter()	16	static
../Middlewares/ST/touchgfx/framework/include/mvp/Presenter.hpp:58:5:touchgfx::Presenter::Presenter()	16	static
../TouchGFX/gui/include/gui/model/Model.hpp:36:16:BandyState Model::getBandyState() const	16	static
../TouchGFX/gui/include/gui/model/ModelListener.hpp:11:5:ModelListener::ModelListener()	16	static
../TouchGFX/gui/include/gui/model/ModelListener.hpp:16:13:ModelListener::~ModelListener()	16	static
../TouchGFX/gui/include/gui/model/ModelListener.hpp:16:13:virtual ModelListener::~ModelListener()	16	static
../TouchGFX/gui/include/gui/model/ModelListener.hpp:25:18:virtual void ModelListener::bandyStateUpdated(const BandyState&)	16	static
../TouchGFX/gui/include/gui/screen8_screen/Screen8Presenter.hpp:24:13:Screen8Presenter::~Screen8Presenter()	16	static
../TouchGFX/gui/include/gui/screen8_screen/Screen8Presenter.hpp:24:13:virtual Screen8Presenter::~Screen8Presenter()	16	static
../TouchGFX/gui/src/screen8_screen/Screen8Presenter.cpp:4:1:Screen8Presenter::Screen8Presenter(Screen8View&)	16	static
../TouchGFX/gui/src/screen8_screen/Screen8Presenter.cpp:9:6:virtual void Screen8Presenter::activate()	40	static
../TouchGFX/gui/src/screen8_screen/Screen8Presenter.cpp:17:6:virtual void Screen8Presenter::deactivate()	16	static
../TouchGFX/gui/src/screen8_screen/Screen8Presenter.cpp:21:6:virtual void Screen8Presenter::bandyStateUpdated(const BandyState&)	16	static
../TouchGFX/gui/src/screen8_screen/Screen8Presenter.cpp:26:12:BandyState Screen8Presenter::getBandyState() const	16	static
../TouchGFX/gui/src/screen8_screen/Screen8Presenter.cpp:31:6:void Screen8Presenter::cancelEndDemo()	16	static
