../Middlewares/ST/touchgfx/framework/include/touchgfx/Application.hpp:91:18:virtual void touchgfx::Application::appSwitchScreen(uint8_t)	0	static
../Middlewares/ST/touchgfx/framework/include/touchgfx/Application.hpp:104:18:virtual void touchgfx::Application::requestRedraw(touchgfx::Rect&)	0	static
../Middlewares/ST/touchgfx/framework/include/touchgfx/transitions/Transition.hpp:72:18:virtual void touchgfx::Transition::tearDown()	0	static
../Middlewares/ST/touchgfx/framework/include/touchgfx/transitions/Transition.hpp:80:18:virtual void touchgfx::Transition::init()	0	static
../Middlewares/ST/touchgfx/framework/include/touchgfx/transitions/Transition.hpp:100:18:virtual void touchgfx::Transition::setScreenContainer(touchgfx::Container&)	0	static
../Middlewares/ST/touchgfx/framework/include/touchgfx/Callback.hpp:424:8:touchgfx::Callback<FrontendApplication>::~Callback()	0	static
../TouchGFX/gui/include/gui/common/FrontendApplication.hpp:14:13:FrontendApplication::~FrontendApplication()	0	static
../Middlewares/ST/touchgfx/framework/include/touchgfx/transitions/NoTransition.hpp:35:18:virtual void touchgfx::NoTransition::handleTickEvent()	0	static
../Middlewares/ST/touchgfx/framework/include/touchgfx/transitions/NoTransition.hpp:31:7:touchgfx::NoTransition::~NoTransition()	0	static
../Middlewares/ST/touchgfx/framework/include/touchgfx/Callback.hpp:449:18:void touchgfx::Callback<dest_type, void, void, void>::execute() [with dest_type = FrontendApplication]	4	static
../Middlewares/ST/touchgfx/framework/include/touchgfx/Callback.hpp:459:18:bool touchgfx::Callback<dest_type, void, void, void>::isValid() const [with dest_type = FrontendApplication]	0	static
../TouchGFX/generated/gui_generated/include/gui_generated/common/FrontendApplicationBase.hpp:18:18:virtual void FrontendApplicationBase::changeToStartScreen()	0	static
../Middlewares/ST/touchgfx/framework/include/touchgfx/transitions/NoTransition.hpp:31:7:virtual touchgfx::NoTransition::~NoTransition()	8	static
../Middlewares/ST/touchgfx/framework/include/touchgfx/Callback.hpp:424:8:virtual touchgfx::Callback<FrontendApplication>::~Callback()	8	static
../TouchGFX/gui/include/gui/common/FrontendApplication.hpp:14:13:virtual FrontendApplication::~FrontendApplication()	8	static
../TouchGFX/gui/include/gui/common/FrontendApplication.hpp:28:18:virtual void FrontendApplication::handleTickEvent()	8	static
../Middlewares/ST/touchgfx/framework/include/touchgfx/transitions/Transition.hpp:89:18:virtual void touchgfx::Transition::invalidate()	8	static
../Middlewares/ST/touchgfx/framework/include/mvp/MVPApplication.hpp:59:18:virtual void touchgfx::MVPApplication::handlePendingScreenTransition()	8	static
../TouchGFX/gui/src/common/FrontendApplication.cpp:27:1:FrontendApplication::FrontendApplication(Model&, FrontendHeap&)	8	static
../TouchGFX/gui/src/common/FrontendApplication.cpp:32:6:void FrontendApplication::gotoProductSelectScreenNoTransition()	0	static
../TouchGFX/gui/src/common/FrontendApplication.cpp:38:6:void FrontendApplication::gotoBandyScreenNoTransition()	0	static
../TouchGFX/gui/src/common/FrontendApplication.cpp:44:6:void FrontendApplication::gotoRfidWaitScreenNoTransition()	0	static
../TouchGFX/gui/src/common/FrontendApplication.cpp:50:6:void FrontendApplication::gotoSetpointEditScreenNoTransition()	0	static
../TouchGFX/gui/src/common/FrontendApplication.cpp:56:6:void FrontendApplication::gotoPauseScreenNoTransition()	0	static
../TouchGFX/gui/src/common/FrontendApplication.cpp:62:6:void FrontendApplication::gotoEndConfirmScreenNoTransition()	0	static
../TouchGFX/gui/src/common/FrontendApplication.cpp:68:6:void FrontendApplication::gotoHemorflowWaitScreenNoTransition()	0	static
../TouchGFX/gui/src/common/FrontendApplication.cpp:74:6:void FrontendApplication::gotoHemorflowScreenNoTransition()	0	static
../TouchGFX/gui/src/common/FrontendApplication.cpp:80:6:void FrontendApplication::gotoSettingsScreenNoTransition()	0	static
../TouchGFX/gui/src/common/FrontendApplication.cpp:86:6:void FrontendApplication::gotoBrightnessScreenNoTransition()	0	static
../TouchGFX/gui/src/common/FrontendApplication.cpp:92:6:void FrontendApplication::gotoLanguageScreenNoTransition()	0	static
../Middlewares/ST/touchgfx/framework/include/common/AbstractPartition.hpp:135:8:T& touchgfx::AbstractPartition::at(uint16_t) [with T = touchgfx::NoTransition]	0	static
../TouchGFX/gui/src/common/FrontendApplication.cpp:148:6:void FrontendApplication::gotoLanguageScreenNoTransitionImpl()	40	static
../TouchGFX/gui/src/common/FrontendApplication.cpp:143:6:void FrontendApplication::gotoBrightnessScreenNoTransitionImpl()	40	static
../TouchGFX/gui/src/common/FrontendApplication.cpp:138:6:void FrontendApplication::gotoSettingsScreenNoTransitionImpl()	40	static
../TouchGFX/gui/src/common/FrontendApplication.cpp:133:6:void FrontendApplication::gotoHemorflowScreenNoTransitionImpl()	40	static
../TouchGFX/gui/src/common/FrontendApplication.cpp:128:6:void FrontendApplication::gotoHemorflowWaitScreenNoTransitionImpl()	40	static
../TouchGFX/gui/src/common/FrontendApplication.cpp:123:6:void FrontendApplication::gotoEndConfirmScreenNoTransitionImpl()	40	static
../TouchGFX/gui/src/common/FrontendApplication.cpp:118:6:void FrontendApplication::gotoPauseScreenNoTransitionImpl()	40	static
../TouchGFX/gui/src/common/FrontendApplication.cpp:113:6:void FrontendApplication::gotoSetpointEditScreenNoTransitionImpl()	40	static
../TouchGFX/gui/src/common/FrontendApplication.cpp:108:6:void FrontendApplication::gotoBandyScreenNoTransitionImpl()	40	static
../TouchGFX/gui/src/common/FrontendApplication.cpp:103:6:void FrontendApplication::gotoRfidWaitScreenNoTransitionImpl()	40	static
../TouchGFX/gui/src/common/FrontendApplication.cpp:98:6:void FrontendApplication::gotoProductSelectScreenNoTransitionImpl()	40	static
