../Middlewares/ST/touchgfx/framework/include/touchgfx/Screen.hpp:104:18:virtual void touchgfx::Screen::afterTransition()	0	static
../Middlewares/ST/touchgfx/framework/include/touchgfx/Screen.hpp:144:18:virtual void touchgfx::Screen::handleTickEvent()	0	static
../Middlewares/ST/touchgfx/framework/include/touchgfx/Screen.hpp:154:18:virtual void touchgfx::Screen::handleKeyEvent(uint8_t)	0	static
../TouchGFX/gui/src/screen7_screen/Screen7View.cpp:33:6:virtual void Screen7View::tearDownScreen()	0	static
../TouchGFX/gui/src/screen7_screen/Screen7View.cpp:38:6:virtual void Screen7View::cancelClicked()	8	static
../TouchGFX/gui/src/screen7_screen/Screen7View.cpp:43:6:virtual void Screen7View::confirmClicked()	0	static
../TouchGFX/gui/include/gui/screen7_screen/Screen7View.hpp:12:13:Screen7View::~Screen7View()	8	static
../TouchGFX/gui/include/gui/screen7_screen/Screen7View.hpp:12:13:virtual Screen7View::~Screen7View()	8	static
../TouchGFX/gui/src/screen7_screen/Screen7View.cpp:16:1:Screen7View::Screen7View()	8	static
../TouchGFX/gui/src/screen7_screen/Screen7View.cpp:67:6:void Screen7View::updateTimeValue(uint16_t)	16	static
../TouchGFX/gui/src/screen7_screen/Screen7View.cpp:51:6:void Screen7View::applyBandyState(const BandyState&)	8	static
../TouchGFX/gui/src/screen7_screen/Screen7View.cpp:20:6:virtual void Screen7View::setupScreen()	48	static
