../Middlewares/ST/touchgfx/framework/include/touchgfx/Drawable.hpp:315:18:virtual void touchgfx::Drawable::setX(int16_t)	0	static
../Middlewares/ST/touchgfx/framework/include/touchgfx/Drawable.hpp:327:18:virtual void touchgfx::Drawable::setY(int16_t)	0	static
../Middlewares/ST/touchgfx/framework/include/touchgfx/Drawable.hpp:356:18:virtual void touchgfx::Drawable::setWidth(int16_t)	0	static
../Middlewares/ST/touchgfx/framework/include/touchgfx/Drawable.hpp:368:18:virtual void touchgfx::Drawable::setHeight(int16_t)	0	static
../Middlewares/ST/touchgfx/framework/include/touchgfx/Drawable.hpp:378:18:virtual void touchgfx::Drawable::childGeometryChanged()	0	static
../Middlewares/ST/touchgfx/framework/include/touchgfx/Drawable.hpp:389:18:virtual void touchgfx::Drawable::handleClickEvent(const touchgfx::ClickEvent&)	0	static
../Middlewares/ST/touchgfx/framework/include/touchgfx/Drawable.hpp:401:18:virtual void touchgfx::Drawable::handleGestureEvent(const touchgfx::GestureEvent&)	0	static
../Middlewares/ST/touchgfx/framework/include/touchgfx/Drawable.hpp:490:18:virtual void touchgfx::Drawable::handleDragEvent(const touchgfx::DragEvent&)	0	static
../Middlewares/ST/touchgfx/framework/include/touchgfx/Drawable.hpp:501:18:virtual void touchgfx::Drawable::handleTickEvent()	0	static
../Middlewares/ST/touchgfx/framework/include/touchgfx/Drawable.hpp:588:18:virtual void touchgfx::Drawable::moveTo(int16_t, int16_t)	4	static
../Middlewares/ST/touchgfx/framework/include/touchgfx/containers/Container.hpp:165:23:virtual touchgfx::Drawable* touchgfx::Container::getFirstChild()	0	static
../Middlewares/ST/touchgfx/framework/include/touchgfx/TypedText.hpp:65:13:touchgfx::TypedText::~TypedText()	0	static
../Middlewares/ST/touchgfx/framework/include/touchgfx/TypedText.hpp:65:13:virtual touchgfx::TypedText::~TypedText()	8	static
../TouchGFX/gui/include/gui/containers/SettingsMenuRow.hpp:11:13:SettingsMenuRow::~SettingsMenuRow()	8	static
../TouchGFX/gui/include/gui/containers/SettingsMenuRow.hpp:11:13:virtual SettingsMenuRow::~SettingsMenuRow()	8	static
../Middlewares/ST/touchgfx/framework/include/touchgfx/Drawable.hpp:121:18:virtual void touchgfx::Drawable::invalidateContent() const	0	static
../TouchGFX/gui/src/containers/SettingsMenuRow.cpp:17:6:virtual void SettingsMenuRow::rowClicked()	8	static
../TouchGFX/gui/src/containers/SettingsMenuRow.cpp:4:1:SettingsMenuRow::SettingsMenuRow()	8	static
../TouchGFX/gui/src/containers/SettingsMenuRow.cpp:38:6:void SettingsMenuRow::setAction(touchgfx::GenericCallback<void>&)	0	static
../TouchGFX/gui/src/containers/SettingsMenuRow.cpp:10:6:virtual void SettingsMenuRow::initialize()	8	static
../TouchGFX/gui/src/containers/SettingsMenuRow.cpp:25:6:void SettingsMenuRow::setContent(uint16_t, touchgfx::TypedTextId, touchgfx::TypedTextId)	40	static
