../Middlewares/ST/touchgfx/framework/include/touchgfx/Screen.hpp:104:18:virtual void touchgfx::Screen::afterTransition()	0	static
../Middlewares/ST/touchgfx/framework/include/touchgfx/Screen.hpp:154:18:virtual void touchgfx::Screen::handleKeyEvent(uint8_t)	0	static
../TouchGFX/gui/src/screen13_screen/Screen13View.cpp:32:6:virtual void Screen13View::tearDownScreen()	0	static
../TouchGFX/gui/src/screen13_screen/Screen13View.cpp:46:6:virtual void Screen13View::backClicked()	8	static
../TouchGFX/gui/include/gui/screen13_screen/Screen13View.hpp:12:13:Screen13View::~Screen13View()	8	static
../TouchGFX/gui/include/gui/screen13_screen/Screen13View.hpp:12:13:virtual Screen13View::~Screen13View()	8	static
../TouchGFX/gui/src/screen13_screen/Screen13View.cpp:11:1:Screen13View::Screen13View()	8	static
../TouchGFX/gui/src/screen13_screen/Screen13View.cpp:125:6:void Screen13View::updateLockoutState()	8	static
../TouchGFX/gui/src/screen13_screen/Screen13View.cpp:37:6:virtual void Screen13View::handleTickEvent()	0	static
../TouchGFX/gui/src/screen13_screen/Screen13View.cpp:141:1:cpp)	0	static
../TouchGFX/gui/src/screen13_screen/Screen13View.cpp:109:6:void Screen13View::updatePinDisplay()	4	static
../TouchGFX/gui/src/screen13_screen/Screen13View.cpp:17:6:virtual void Screen13View::setupScreen()	8	static
../TouchGFX/gui/src/screen13_screen/Screen13View.cpp:72:6:virtual void Screen13View::deleteClicked()	8	static
../TouchGFX/gui/src/screen13_screen/Screen13View.cpp:84:6:void Screen13View::attemptAuthenticate()	16	static
../TouchGFX/gui/src/screen13_screen/Screen13View.cpp:55:6:void Screen13View::appendDigit(uint8_t)	16	static
../TouchGFX/gui/include/gui/screen13_screen/Screen13View.hpp:27:18:virtual void Screen13View::digit9Clicked()	0	static
../TouchGFX/gui/include/gui/screen13_screen/Screen13View.hpp:26:18:virtual void Screen13View::digit8Clicked()	0	static
../TouchGFX/gui/include/gui/screen13_screen/Screen13View.hpp:25:18:virtual void Screen13View::digit7Clicked()	0	static
../TouchGFX/gui/include/gui/screen13_screen/Screen13View.hpp:24:18:virtual void Screen13View::digit6Clicked()	0	static
../TouchGFX/gui/include/gui/screen13_screen/Screen13View.hpp:23:18:virtual void Screen13View::digit5Clicked()	0	static
../TouchGFX/gui/include/gui/screen13_screen/Screen13View.hpp:22:18:virtual void Screen13View::digit4Clicked()	0	static
../TouchGFX/gui/include/gui/screen13_screen/Screen13View.hpp:21:18:virtual void Screen13View::digit3Clicked()	0	static
../TouchGFX/gui/include/gui/screen13_screen/Screen13View.hpp:20:18:virtual void Screen13View::digit2Clicked()	0	static
../TouchGFX/gui/include/gui/screen13_screen/Screen13View.hpp:19:18:virtual void Screen13View::digit1Clicked()	0	static
../TouchGFX/gui/include/gui/screen13_screen/Screen13View.hpp:18:18:virtual void Screen13View::digit0Clicked()	0	static
