../TouchGFX/gui/include/gui/screen18_screen/Screen18Presenter.hpp:33:13:Screen18Presenter::~Screen18Presenter()	0	static
../TouchGFX/gui/src/screen18_screen/Screen18Presenter.cpp:19:6:virtual void Screen18Presenter::deactivate()	0	static
../TouchGFX/gui/include/gui/screen18_screen/Screen18Presenter.hpp:33:13:virtual Screen18Presenter::~Screen18Presenter()	8	static
../TouchGFX/gui/src/screen18_screen/Screen18Presenter.cpp:24:6:virtual void Screen18Presenter::bandyStateUpdated(const BandyState&)	0	static
../TouchGFX/gui/src/screen18_screen/Screen18Presenter.cpp:10:6:virtual void Screen18Presenter::activate()	32	static
../TouchGFX/gui/include/gui/screen18_screen/Screen18Presenter.hpp:33:13:virtual void* Screen18Presenter::_ZThn4_N17Screen18PresenterD1Ev()	0	static
../TouchGFX/gui/src/screen18_screen/Screen18Presenter.cpp:4:1:Screen18Presenter::Screen18Presenter(Screen18View&)	0	static
../TouchGFX/gui/src/screen18_screen/Screen18Presenter.cpp:29:12:BandyState Screen18Presenter::getBandyState() const	8	static
../TouchGFX/gui/src/screen18_screen/Screen18Presenter.cpp:34:6:void Screen18Presenter::setTarget(int32_t)	0	static
