../Middlewares/ST/touchgfx/framework/include/touchgfx/Screen.hpp:104:18:virtual void touchgfx::Screen::afterTransition()	0	static
../Middlewares/ST/touchgfx/framework/include/touchgfx/Screen.hpp:144:18:virtual void touchgfx::Screen::handleTickEvent()	0	static
../Middlewares/ST/touchgfx/framework/include/touchgfx/Screen.hpp:154:18:virtual void touchgfx::Screen::handleKeyEvent(uint8_t)	0	static
../Middlewares/ST/touchgfx/framework/include/touchgfx/TypedText.hpp:65:13:touchgfx::TypedText::~TypedText()	0	static
../TouchGFX/gui/src/screen12_screen/Screen12View.cpp:57:6:virtual void Screen12View::tearDownScreen()	0	static
../TouchGFX/gui/src/screen12_screen/Screen12View.cpp:62:6:virtual void Screen12View::backClicked()	8	static
../Middlewares/ST/touchgfx/framework/include/touchgfx/TypedText.hpp:65:13:virtual touchgfx::TypedText::~TypedText()	8	static
../TouchGFX/gui/include/gui/screen12_screen/Screen12View.hpp:12:13:Screen12View::~Screen12View()	8	static
../TouchGFX/gui/include/gui/screen12_screen/Screen12View.hpp:12:13:virtual Screen12View::~Screen12View()	8	static
../TouchGFX/gui/src/screen12_screen/Screen12View.cpp:42:1:Screen12View::Screen12View()	8	static
../TouchGFX/gui/src/screen12_screen/Screen12View.cpp:169:1:cpp)	0	static
../TouchGFX/gui/src/screen12_screen/Screen12View.cpp:67:6:void Screen12View::showPage(uint8_t)	112	static
../TouchGFX/gui/src/screen12_screen/Screen12View.cpp:48:6:virtual void Screen12View::setupScreen()	8	static
../TouchGFX/gui/src/screen12_screen/Screen12View.cpp:141:6:virtual void Screen12View::previousPageClicked()	0	static
../TouchGFX/gui/src/screen12_screen/Screen12View.cpp:149:6:virtual void Screen12View::nextPageClicked()	0	static
../TouchGFX/gui/src/screen12_screen/Screen12View.cpp:157:6:void Screen12View::applyLanguage(UiLanguage)	24	static
../TouchGFX/gui/src/screen12_screen/Screen12View.cpp:127:6:void Screen12View::selectSlot(uint8_t)	0	static
../TouchGFX/gui/src/screen12_screen/Screen12View.cpp:136:6:virtual void Screen12View::row0Clicked()	0	static
../TouchGFX/gui/src/screen12_screen/Screen12View.cpp:137:6:virtual void Screen12View::row1Clicked()	0	static
../TouchGFX/gui/src/screen12_screen/Screen12View.cpp:138:6:virtual void Screen12View::row2Clicked()	0	static
../TouchGFX/gui/src/screen12_screen/Screen12View.cpp:139:6:virtual void Screen12View::row3Clicked()	0	static
