../Middlewares/ST/touchgfx/framework/include/touchgfx/Screen.hpp:104:18:virtual void touchgfx::Screen::afterTransition()	0	static
../Middlewares/ST/touchgfx/framework/include/touchgfx/Screen.hpp:144:18:virtual void touchgfx::Screen::handleTickEvent()	0	static
../Middlewares/ST/touchgfx/framework/include/touchgfx/Screen.hpp:154:18:virtual void touchgfx::Screen::handleKeyEvent(uint8_t)	0	static
../TouchGFX/gui/src/screen12_screen/Screen12View.cpp:28:6:virtual void Screen12View::tearDownScreen()	0	static
../TouchGFX/gui/src/screen12_screen/Screen12View.cpp:33:6:virtual void Screen12View::backClicked()	8	static
../TouchGFX/gui/include/gui/screen12_screen/Screen12View.hpp:11:13:Screen12View::~Screen12View()	8	static
../TouchGFX/gui/include/gui/screen12_screen/Screen12View.hpp:11:13:virtual Screen12View::~Screen12View()	8	static
../TouchGFX/gui/src/screen12_screen/Screen12View.cpp:16:1:Screen12View::Screen12View()	8	static
../TouchGFX/gui/src/screen12_screen/Screen12View.cpp:71:1:cpp)	0	static
../TouchGFX/gui/src/screen12_screen/Screen12View.cpp:60:6:void Screen12View::refreshLanguageSelection(UiLanguage)	24	static
../TouchGFX/gui/src/screen12_screen/Screen12View.cpp:48:6:void Screen12View::applyLanguage(UiLanguage)	24	static
../TouchGFX/gui/src/screen12_screen/Screen12View.cpp:20:6:virtual void Screen12View::setupScreen()	8	static
../TouchGFX/gui/src/screen12_screen/Screen12View.cpp:38:6:virtual void Screen12View::englishClicked()	0	static
../TouchGFX/gui/src/screen12_screen/Screen12View.cpp:43:6:virtual void Screen12View::italianClicked()	0	static
