../TouchGFX/gui/include/gui/model/DashboardTypes.hpp:30:5:BandyState::BandyState()	16	static
../TouchGFX/gui/include/gui/model/DashboardTypes.hpp:54:5:HemorflowState::HemorflowState()	16	static
../TouchGFX/gui/src/model/Model.cpp:18:1:Model::Model()	16	static
../TouchGFX/gui/src/model/Model.cpp:41:6:void Model::tick()	40	static
../TouchGFX/gui/src/model/Model.cpp:71:6:void Model::initializeBandyDemo()	40	static
../TouchGFX/gui/src/model/Model.cpp:90:6:void Model::startBandyDemo()	16	static
../TouchGFX/gui/src/model/Model.cpp:100:6:void Model::stopBandyDemo()	16	static
../TouchGFX/gui/src/model/Model.cpp:105:6:void Model::resumeBandyDemo()	16	static
../TouchGFX/gui/src/model/Model.cpp:110:6:void Model::endBandyDemo()	16	static
../TouchGFX/gui/src/model/Model.cpp:115:6:void Model::startRfidScan()	16	static
../TouchGFX/gui/src/model/Model.cpp:120:6:void Model::stopRfidScan()	16	static
../TouchGFX/gui/src/model/Model.cpp:125:6:void Model::increaseBandyTarget()	16	static
../TouchGFX/gui/src/model/Model.cpp:135:6:void Model::decreaseBandyTarget()	16	static
../TouchGFX/gui/src/model/Model.cpp:145:6:bool Model::isVacuumCycleRunning() const	16	static
../TouchGFX/gui/src/model/Model.cpp:150:6:bool Model::isRfidApproved() const	16	static
../TouchGFX/gui/src/model/Model.cpp:155:6:bool Model::canOpenBandyScreen() const	16	static
../TouchGFX/gui/src/model/Model.cpp:162:6:bool Model::canOpenPauseScreen() const	16	static
../TouchGFX/gui/src/model/Model.cpp:167:6:void Model::initializeHemorflowMonitor()	32	static
../TouchGFX/gui/src/model/Model.cpp:176:6:bool Model::canOpenHemorflowMonitor() const	16	static
../TouchGFX/gui/src/model/Model.cpp:183:6:bool Model::shouldReturnToHemorflowWait() const	16	static
../TouchGFX/gui/src/model/Model.cpp:190:6:void Model::notifyBandyState()	16	static
../TouchGFX/gui/src/model/Model.cpp:198:6:void Model::updateBridgeSnapshot()	40	static
../TouchGFX/gui/src/model/Model.cpp:225:6:void Model::updateBandyFromInput()	24	static
../TouchGFX/gui/src/model/Model.cpp:254:6:void Model::updateHemorflowFromInput()	16	static
../TouchGFX/gui/src/model/Model.cpp:268:6:void Model::updateBandyDerivedState()	16	static
../TouchGFX/gui/src/model/Model.cpp:286:6:void Model::requestBandyTarget(int32_t)	48	static
../TouchGFX/gui/src/model/Model.cpp:317:9:int32_t Model::clampTarget(int32_t) const	16	static
../TouchGFX/gui/src/model/Model.cpp:332:9:int32_t Model::clampVacuum(int32_t) const	16	static
../TouchGFX/gui/src/model/Model.cpp:347:6:void Model::updateSimulatedVacuum()	16	static
../TouchGFX/gui/src/model/Model.cpp:372:6:bool Model::hasBandyStateChanged(const BandyState&) const	16	static
