../TouchGFX/gui/src/model/Model.cpp:35:1:Model::Model()	16	static
../TouchGFX/gui/src/model/Model.cpp:73:6:void Model::setDisplayBrightnessPercent(uint8_t)	0	static
../TouchGFX/gui/src/model/Model.cpp:155:6:void Model::stopBandyDemo()	0	static
../TouchGFX/gui/src/model/Model.cpp:160:6:void Model::resumeBandyDemo()	0	static
../TouchGFX/gui/src/model/Model.cpp:165:6:void Model::endBandyDemo()	0	static
../TouchGFX/gui/src/model/Model.cpp:170:6:void Model::startRfidScan()	0	static
../TouchGFX/gui/src/model/Model.cpp:175:6:void Model::stopRfidScan()	0	static
../TouchGFX/gui/src/model/Model.cpp:205:6:bool Model::isVacuumCycleRunning() const	0	static
../TouchGFX/gui/src/model/Model.cpp:210:6:bool Model::isRfidApproved() const	0	static
../TouchGFX/gui/src/model/Model.cpp:215:6:bool Model::canOpenBandyScreen() const	0	static
../TouchGFX/gui/src/model/Model.cpp:222:6:bool Model::canOpenPauseScreen() const	0	static
../TouchGFX/gui/src/model/Model.cpp:243:6:bool Model::canOpenHemorflowMonitor() const	0	static
../TouchGFX/gui/src/model/Model.cpp:255:6:bool Model::shouldReturnToHemorflowWait() const	0	static
../TouchGFX/gui/src/model/Model.cpp:267:6:void Model::notifyBandyState()	0	static
../TouchGFX/gui/src/model/Model.cpp:275:6:void Model::updateBridgeSnapshot()	72	static
../TouchGFX/gui/src/model/Model.cpp:360:6:void Model::resetPneumaticPretest()	0	static
../TouchGFX/gui/src/model/Model.cpp:366:6:void Model::publishBandyStoreTelemetry()	64	static
../TouchGFX/gui/src/model/Model.cpp:418:6:void Model::updateHemorflowFromInput()	0	static
../TouchGFX/gui/src/model/Model.cpp:227:6:void Model::initializeHemorflowMonitor()	0	static
../TouchGFX/gui/src/model/Model.cpp:446:6:void Model::updateBandyDerivedState()	0	static
../TouchGFX/gui/src/model/Model.cpp:495:9:int32_t Model::clampTarget(int32_t) const	0	static
../TouchGFX/gui/src/model/Model.cpp:510:9:int32_t Model::clampVacuum(int32_t) const	0	static
../TouchGFX/gui/src/model/Model.cpp:525:6:void Model::updateSimulatedVacuum()	0	static
../TouchGFX/gui/src/model/Model.cpp:389:6:void Model::updateBandyFromInput()	8	static
../TouchGFX/gui/src/model/Model.cpp:126:6:void Model::initializeBandyDemo()	8	static
../TouchGFX/gui/src/model/Model.cpp:145:6:void Model::startBandyDemo()	8	static
../TouchGFX/gui/src/model/Model.cpp:550:6:bool Model::hasBandyStateChanged(const BandyState&) const	0	static
../TouchGFX/gui/src/model/Model.cpp:464:6:void Model::requestBandyTarget(int32_t)	32	static
../TouchGFX/gui/src/model/Model.cpp:180:6:void Model::increaseBandyTarget()	8	static
../TouchGFX/gui/src/model/Model.cpp:190:6:void Model::decreaseBandyTarget()	8	static
../TouchGFX/gui/src/model/Model.cpp:200:6:void Model::setBandyTarget(int32_t)	0	static
../TouchGFX/gui/src/model/Model.cpp:690:6:void Model::notifyPneumaticPretest()	0	static
../TouchGFX/gui/src/model/Model.cpp:315:6:bool Model::startPneumaticPretest(ActiveProduct)	16	static
../TouchGFX/gui/src/model/Model.cpp:349:6:bool Model::retryPneumaticPretest()	0	static
../TouchGFX/gui/src/model/Model.cpp:336:6:void Model::cancelPneumaticPretest()	0	static
../TouchGFX/gui/src/model/Model.cpp:562:6:void Model::updatePneumaticPretestSimulation()	40	static
../TouchGFX/gui/src/model/Model.cpp:698:6:void Model::updateAdminDiagnostics()	0	static
../TouchGFX/gui/src/model/Model.cpp:91:6:void Model::tick()	32	static
../TouchGFX/gui/src/model/Model.cpp:711:6:void Model::refreshAdminMemoryDiagnostics()	40	static
