../TouchGFX/gui/src/model/Model.cpp:26:1:Model::Model()	16	static
../TouchGFX/gui/src/model/Model.cpp:61:6:void Model::setDisplayBrightnessPercent(uint8_t)	0	static
../TouchGFX/gui/src/model/Model.cpp:142:6:void Model::stopBandyDemo()	0	static
../TouchGFX/gui/src/model/Model.cpp:147:6:void Model::resumeBandyDemo()	0	static
../TouchGFX/gui/src/model/Model.cpp:152:6:void Model::endBandyDemo()	0	static
../TouchGFX/gui/src/model/Model.cpp:157:6:void Model::startRfidScan()	0	static
../TouchGFX/gui/src/model/Model.cpp:162:6:void Model::stopRfidScan()	0	static
../TouchGFX/gui/src/model/Model.cpp:192:6:bool Model::isVacuumCycleRunning() const	0	static
../TouchGFX/gui/src/model/Model.cpp:197:6:bool Model::isRfidApproved() const	0	static
../TouchGFX/gui/src/model/Model.cpp:202:6:bool Model::canOpenBandyScreen() const	0	static
../TouchGFX/gui/src/model/Model.cpp:209:6:bool Model::canOpenPauseScreen() const	0	static
../TouchGFX/gui/src/model/Model.cpp:223:6:bool Model::canOpenHemorflowMonitor() const	0	static
../TouchGFX/gui/src/model/Model.cpp:230:6:bool Model::shouldReturnToHemorflowWait() const	0	static
../TouchGFX/gui/src/model/Model.cpp:237:6:void Model::notifyBandyState()	0	static
../TouchGFX/gui/src/model/Model.cpp:245:6:void Model::updateBridgeSnapshot()	72	static
../TouchGFX/gui/src/model/Model.cpp:285:6:void Model::publishBandyStoreTelemetry()	64	static
../TouchGFX/gui/src/model/Model.cpp:337:6:void Model::updateHemorflowFromInput()	0	static
../TouchGFX/gui/src/model/Model.cpp:214:6:void Model::initializeHemorflowMonitor()	0	static
../TouchGFX/gui/src/model/Model.cpp:351:6:void Model::updateBandyDerivedState()	0	static
../TouchGFX/gui/src/model/Model.cpp:400:9:int32_t Model::clampTarget(int32_t) const	0	static
../TouchGFX/gui/src/model/Model.cpp:415:9:int32_t Model::clampVacuum(int32_t) const	0	static
../TouchGFX/gui/src/model/Model.cpp:430:6:void Model::updateSimulatedVacuum()	0	static
../TouchGFX/gui/src/model/Model.cpp:308:6:void Model::updateBandyFromInput()	8	static
../TouchGFX/gui/src/model/Model.cpp:113:6:void Model::initializeBandyDemo()	8	static
../TouchGFX/gui/src/model/Model.cpp:132:6:void Model::startBandyDemo()	8	static
../TouchGFX/gui/src/model/Model.cpp:455:6:bool Model::hasBandyStateChanged(const BandyState&) const	0	static
../TouchGFX/gui/src/model/Model.cpp:369:6:void Model::requestBandyTarget(int32_t)	32	static
../TouchGFX/gui/src/model/Model.cpp:167:6:void Model::increaseBandyTarget()	8	static
../TouchGFX/gui/src/model/Model.cpp:177:6:void Model::decreaseBandyTarget()	8	static
../TouchGFX/gui/src/model/Model.cpp:187:6:void Model::setBandyTarget(int32_t)	0	static
../TouchGFX/gui/src/model/Model.cpp:467:6:void Model::updateAdminDiagnostics()	0	static
../TouchGFX/gui/src/model/Model.cpp:79:6:void Model::tick()	32	static
../TouchGFX/gui/src/model/Model.cpp:480:6:void Model::refreshAdminMemoryDiagnostics()	40	static
