../TouchGFX/gui/include/gui/model/ModelListener.hpp:25:18:virtual void ModelListener::bandyStateUpdated(const BandyState&)	0	static
../TouchGFX/gui/include/gui/screen11_screen/Screen11Presenter.hpp:32:13:Screen11Presenter::~Screen11Presenter()	0	static
../TouchGFX/gui/src/screen11_screen/Screen11Presenter.cpp:10:6:virtual void Screen11Presenter::activate()	0	static
../TouchGFX/gui/include/gui/screen11_screen/Screen11Presenter.hpp:32:13:virtual Screen11Presenter::~Screen11Presenter()	8	static
../TouchGFX/gui/include/gui/screen11_screen/Screen11Presenter.hpp:32:13:virtual void* Screen11Presenter::_ZThn4_N17Screen11PresenterD1Ev()	0	static
../TouchGFX/gui/src/screen11_screen/Screen11Presenter.cpp:4:1:Screen11Presenter::Screen11Presenter(Screen11View&)	0	static
../TouchGFX/gui/src/screen11_screen/Screen11Presenter.cpp:20:9:uint8_t Screen11Presenter::getBrightnessPercent() const	0	static
../TouchGFX/gui/src/screen11_screen/Screen11Presenter.cpp:25:6:void Screen11Presenter::setBrightnessPercent(uint8_t)	0	static
