../Middlewares/ST/touchgfx/framework/include/touchgfx/Screen.hpp:104:18:virtual void touchgfx::Screen::afterTransition()	0	static
../Middlewares/ST/touchgfx/framework/include/touchgfx/Screen.hpp:144:18:virtual void touchgfx::Screen::handleTickEvent()	0	static
../Middlewares/ST/touchgfx/framework/include/touchgfx/Screen.hpp:154:18:virtual void touchgfx::Screen::handleKeyEvent(uint8_t)	0	static
../TouchGFX/gui/src/screen11_screen/Screen11View.cpp:20:6:virtual void Screen11View::tearDownScreen()	0	static
../TouchGFX/gui/src/screen11_screen/Screen11View.cpp:25:6:virtual void Screen11View::backClicked()	8	static
../TouchGFX/gui/include/gui/screen11_screen/Screen11View.hpp:12:13:Screen11View::~Screen11View()	8	static
../TouchGFX/gui/include/gui/screen11_screen/Screen11View.hpp:12:13:virtual Screen11View::~Screen11View()	8	static
../TouchGFX/gui/src/screen11_screen/Screen11View.cpp:4:1:Screen11View::Screen11View()	8	static
../TouchGFX/gui/src/screen11_screen/Screen11View.cpp:42:6:void Screen11View::updateBrightnessValue(uint8_t)	8	static
../TouchGFX/gui/src/screen11_screen/Screen11View.cpp:8:6:virtual void Screen11View::setupScreen()	24	static
../TouchGFX/gui/src/screen11_screen/Screen11View.cpp:30:6:virtual void Screen11View::brightnessChanged(int)	16	static
