../Middlewares/ST/touchgfx/framework/include/touchgfx/Drawable.hpp:147:23:virtual touchgfx::Drawable* touchgfx::Drawable::getFirstChild()	0	static
../Middlewares/ST/touchgfx/framework/include/touchgfx/Drawable.hpp:315:18:virtual void touchgfx::Drawable::setX(int16_t)	0	static
../Middlewares/ST/touchgfx/framework/include/touchgfx/Drawable.hpp:327:18:virtual void touchgfx::Drawable::setY(int16_t)	0	static
../Middlewares/ST/touchgfx/framework/include/touchgfx/Drawable.hpp:356:18:virtual void touchgfx::Drawable::setWidth(int16_t)	0	static
../Middlewares/ST/touchgfx/framework/include/touchgfx/Drawable.hpp:368:18:virtual void touchgfx::Drawable::setHeight(int16_t)	0	static
../Middlewares/ST/touchgfx/framework/include/touchgfx/Drawable.hpp:378:18:virtual void touchgfx::Drawable::childGeometryChanged()	0	static
../Middlewares/ST/touchgfx/framework/include/touchgfx/Drawable.hpp:389:18:virtual void touchgfx::Drawable::handleClickEvent(const touchgfx::ClickEvent&)	0	static
../Middlewares/ST/touchgfx/framework/include/touchgfx/Drawable.hpp:401:18:virtual void touchgfx::Drawable::handleGestureEvent(const touchgfx::GestureEvent&)	0	static
../Middlewares/ST/touchgfx/framework/include/touchgfx/Drawable.hpp:490:18:virtual void touchgfx::Drawable::handleDragEvent(const touchgfx::DragEvent&)	0	static
../Middlewares/ST/touchgfx/framework/include/touchgfx/Drawable.hpp:501:18:virtual void touchgfx::Drawable::handleTickEvent()	0	static
../Middlewares/ST/touchgfx/framework/include/touchgfx/Drawable.hpp:588:18:virtual void touchgfx::Drawable::moveTo(int16_t, int16_t)	4	static
../Middlewares/ST/touchgfx/framework/include/touchgfx/Drawable.hpp:703:18:virtual void touchgfx::Drawable::setupDrawChain(const touchgfx::Rect&, touchgfx::Drawable**)	0	static
../Middlewares/ST/touchgfx/framework/include/touchgfx/Screen.hpp:104:18:virtual void touchgfx::Screen::afterTransition()	0	static
../Middlewares/ST/touchgfx/framework/include/touchgfx/Screen.hpp:144:18:virtual void touchgfx::Screen::handleTickEvent()	0	static
../Middlewares/ST/touchgfx/framework/include/touchgfx/Screen.hpp:154:18:virtual void touchgfx::Screen::handleKeyEvent(uint8_t)	0	static
../TouchGFX/gui/src/screen11_screen/Screen11View.cpp:55:6:virtual void Screen11View::tearDownScreen()	0	static
../TouchGFX/gui/src/screen11_screen/Screen11View.cpp:60:6:virtual void Screen11View::backClicked()	8	static
../TouchGFX/gui/include/gui/screen11_screen/Screen11View.hpp:15:13:Screen11View::~Screen11View()	8	static
../TouchGFX/gui/include/gui/screen11_screen/Screen11View.hpp:15:13:virtual Screen11View::~Screen11View()	8	static
../Middlewares/ST/touchgfx/framework/include/touchgfx/Drawable.hpp:121:18:virtual void touchgfx::Drawable::invalidateContent() const	0	static
../Middlewares/ST/touchgfx/framework/include/touchgfx/widgets/Widget.hpp:45:18:virtual void touchgfx::Widget::getLastChild(int16_t, int16_t, touchgfx::Drawable**)	0	static
../Middlewares/ST/touchgfx/framework/include/touchgfx/Drawable.hpp:233:10:void touchgfx::Drawable::setPosition(int16_t, int16_t, int16_t, int16_t)	24	static
../Middlewares/ST/touchgfx/framework/include/touchgfx/widgets/Box.hpp:33:5:touchgfx::Box::Box()	0	static
../TouchGFX/gui/src/screen11_screen/Screen11View.cpp:24:1:Screen11View::Screen11View()	8	static
../TouchGFX/gui/src/screen11_screen/Screen11View.cpp:78:6:void Screen11View::updateBrightnessValue(uint8_t)	8	static
../TouchGFX/gui/src/screen11_screen/Screen11View.cpp:123:6:void Screen11View::updateBrightnessBar(uint8_t)	16	static
../TouchGFX/gui/src/screen11_screen/Screen11View.cpp:65:6:virtual void Screen11View::brightnessChanged(int)	16	static
../TouchGFX/gui/src/screen11_screen/Screen11View.cpp:146:6:bool Screen11View::isBrightnessTouchArea(int16_t, int16_t) const	0	static
../TouchGFX/gui/src/screen11_screen/Screen11View.cpp:105:6:void Screen11View::updateBrightnessFromX(int16_t)	16	static
../TouchGFX/gui/src/screen11_screen/Screen11View.cpp:28:6:virtual void Screen11View::setupScreen()	32	static
../TouchGFX/gui/src/screen11_screen/Screen11View.cpp:84:6:virtual void Screen11View::handleClickEvent(const touchgfx::ClickEvent&)	16	static
../TouchGFX/gui/src/screen11_screen/Screen11View.cpp:95:6:virtual void Screen11View::handleDragEvent(const touchgfx::DragEvent&)	16	static
