../Middlewares/ST/touchgfx/framework/include/touchgfx/Screen.hpp:104:18:virtual void touchgfx::Screen::afterTransition()	0	static
../Middlewares/ST/touchgfx/framework/include/touchgfx/Screen.hpp:154:18:virtual void touchgfx::Screen::handleKeyEvent(uint8_t)	0	static
../Middlewares/ST/touchgfx/framework/include/touchgfx/TypedText.hpp:65:13:touchgfx::TypedText::~TypedText()	0	static
../TouchGFX/gui/src/screen20_screen/Screen20View.cpp:29:6:virtual void Screen20View::tearDownScreen()	0	static
../Middlewares/ST/touchgfx/framework/include/touchgfx/TypedText.hpp:65:13:virtual touchgfx::TypedText::~TypedText()	8	static
../TouchGFX/gui/include/gui/screen20_screen/Screen20View.hpp:11:13:Screen20View::~Screen20View()	8	static
../TouchGFX/gui/include/gui/screen20_screen/Screen20View.hpp:11:13:virtual Screen20View::~Screen20View()	8	static
../TouchGFX/gui/src/screen20_screen/Screen20View.cpp:49:6:virtual void Screen20View::backClicked()	0	static
../TouchGFX/gui/src/screen20_screen/Screen20View.cpp:7:1:Screen20View::Screen20View()	8	static
../TouchGFX/gui/src/screen20_screen/Screen20View.cpp:176:6:void Screen20View::completeSuccessfulPretest()	8	static
../TouchGFX/gui/src/screen20_screen/Screen20View.cpp:34:6:virtual void Screen20View::handleTickEvent()	0	static
../TouchGFX/gui/src/screen20_screen/Screen20View.cpp:98:6:void Screen20View::applyStatus(const PneumaticPretestStatus&)	40	static
../TouchGFX/gui/src/screen20_screen/Screen20View.cpp:16:6:virtual void Screen20View::setupScreen()	40	static
../TouchGFX/gui/src/screen20_screen/Screen20View.cpp:57:6:void Screen20View::updatePretest(const PneumaticPretestStatus&)	16	static
