../Core/Src/asset_flasher.c:90:17:ReadU32Le	0	static
../Core/Src/asset_flasher.c:98:13:WriteU32Le	0	static
../Core/Src/asset_flasher.c:125:13:ClearUartErrors	16	static
../Core/Src/asset_flasher.c:279:26:WaitForRecoveryCommand	40	static
../Core/Src/asset_flasher.c:133:13:FlushUartRx	24	static
../Core/Src/asset_flasher.c:106:13:Tx	8	static
../Core/Src/asset_flasher.c:119:13:ReplyError	16	static
../Core/Src/asset_flasher.c:494:13:ReplyDiagnosticRecord	16	static
../Core/Src/asset_flasher.c:187:13:WriteUartConfigReport	40	static
../Core/Src/asset_flasher.c:511:13:RunDiagnosticSession	120	static
../Core/Src/asset_flasher.c:159:13:RxExact.constprop	8	static
../Core/Src/asset_flasher.c:423:13:RunUartTestRxSession	312	static
../Core/Src/asset_flasher.c:369:13:RunUartTestTxSession	272	static
../Core/Src/asset_flasher.c:470:13:RunUartTestSession	16	static
../Core/Src/asset_flasher.c:826:6:AssetFlasher_RunAtBoot	136	static,ignoring_inline_asm
../Core/Src/asset_flasher.c:867:6:AssetFlasher_RunUartLinkDiagnosticsOnly	8	static
