../Core/Src/display_bridge_rx.c:31:13:DisplayBridgeRx_Rearm	8	static
../Core/Src/display_bridge_rx.c:39:13:DisplayBridgeRx_ResetFrame	4	static
../Core/Src/display_bridge_rx.c:44:13:DisplayBridgeRx_ParseLongField	24	static
../Core/Src/display_bridge_rx.c:60:13:DisplayBridgeRx_ParseFrame	48	static
../Core/Src/display_bridge_rx.c:105:13:DisplayBridgeRx_SendCommandFrame	24	static
../Core/Src/display_bridge_rx.c:118:13:DisplayBridgeRx_ProcessByte	16	static
../Core/Src/display_bridge_rx.c:142:6:DisplayBridgeRx_Init	16	static
../Core/Src/display_bridge_rx.c:159:6:DisplayBridgeRx_GetLatestSnapshot	40	static,ignoring_inline_asm
../Core/Src/display_bridge_rx.c:204:6:DisplayBridgeRx_GetLatestPressureMbar	40	static
../Core/Src/display_bridge_rx.c:222:6:DisplayBridgeRx_SendVacuumStartCommand	8	static
../Core/Src/display_bridge_rx.c:227:6:DisplayBridgeRx_SendVacuumPauseCommand	8	static
../Core/Src/display_bridge_rx.c:232:6:DisplayBridgeRx_SendVacuumResumeCommand	8	static
../Core/Src/display_bridge_rx.c:237:6:DisplayBridgeRx_SendVacuumEndCommand	8	static
../Core/Src/display_bridge_rx.c:242:6:DisplayBridgeRx_SendVacuumStopCommand	8	static
../Core/Src/display_bridge_rx.c:247:6:DisplayBridgeRx_SendBandyTargetCommand	32	static
../Core/Src/display_bridge_rx.c:261:6:DisplayBridgeRx_SendRfidScanStartCommand	8	static
../Core/Src/display_bridge_rx.c:266:6:DisplayBridgeRx_SendRfidScanStopCommand	8	static
../Core/Src/display_bridge_rx.c:271:6:HAL_UART_RxCpltCallback	16	static
../Core/Src/display_bridge_rx.c:282:6:HAL_UART_ErrorCallback	16	static
