../Core/Src/display_bridge_rx.c:21:13:DisplayBridgeRx_Rearm	8	static
../Core/Src/display_bridge_rx.c:29:13:DisplayBridgeRx_ResetFrame	4	static
../Core/Src/display_bridge_rx.c:34:13:DisplayBridgeRx_ParseLongField	24	static
../Core/Src/display_bridge_rx.c:50:13:DisplayBridgeRx_ParseFrame	24	static
../Core/Src/display_bridge_rx.c:80:13:DisplayBridgeRx_SendCommandFrame	24	static
../Core/Src/display_bridge_rx.c:93:13:DisplayBridgeRx_ProcessByte	16	static
../Core/Src/display_bridge_rx.c:117:6:DisplayBridgeRx_Init	16	static
../Core/Src/display_bridge_rx.c:129:6:DisplayBridgeRx_GetLatestSnapshot	24	static,ignoring_inline_asm
../Core/Src/display_bridge_rx.c:159:6:DisplayBridgeRx_GetLatestPressureMbar	32	static
../Core/Src/display_bridge_rx.c:177:6:DisplayBridgeRx_SendVacuumStartCommand	8	static
../Core/Src/display_bridge_rx.c:182:6:DisplayBridgeRx_SendVacuumStopCommand	8	static
../Core/Src/display_bridge_rx.c:187:6:HAL_UART_RxCpltCallback	16	static
../Core/Src/display_bridge_rx.c:198:6:HAL_UART_ErrorCallback	16	static
