../Core/Src/display_bridge_rx.c:36:13:DisplayBridgeRx_Rearm	8	static
../Core/Src/display_bridge_rx.c:44:13:DisplayBridgeRx_ResetFrame	4	static
../Core/Src/display_bridge_rx.c:49:13:DisplayBridgeRx_ParseLongField	24	static
../Core/Src/display_bridge_rx.c:65:13:DisplayBridgeRx_ParseFrame	56	static
../Core/Src/display_bridge_rx.c:122:13:DisplayBridgeRx_SendCommandFrame	24	static
../Core/Src/display_bridge_rx.c:135:13:DisplayBridgeRx_ProcessByte	16	static
../Core/Src/display_bridge_rx.c:159:6:DisplayBridgeRx_Init	16	static
../Core/Src/display_bridge_rx.c:177:6:DisplayBridgeRx_GetLatestSnapshot	40	static,ignoring_inline_asm
../Core/Src/display_bridge_rx.c:225:6:DisplayBridgeRx_GetLatestPressureMbar	40	static
../Core/Src/display_bridge_rx.c:243:6:DisplayBridgeRx_SendVacuumStartCommand	8	static
../Core/Src/display_bridge_rx.c:248:6:DisplayBridgeRx_SendVacuumPauseCommand	8	static
../Core/Src/display_bridge_rx.c:253:6:DisplayBridgeRx_SendVacuumResumeCommand	8	static
../Core/Src/display_bridge_rx.c:258:6:DisplayBridgeRx_SendVacuumEndCommand	8	static
../Core/Src/display_bridge_rx.c:263:6:DisplayBridgeRx_SendVacuumStopCommand	8	static
../Core/Src/display_bridge_rx.c:268:6:DisplayBridgeRx_SendBandyTargetCommand	32	static
../Core/Src/display_bridge_rx.c:282:6:DisplayBridgeRx_SendRfidScanStartCommand	8	static
../Core/Src/display_bridge_rx.c:287:6:DisplayBridgeRx_SendRfidScanStopCommand	8	static
../Core/Src/display_bridge_rx.c:292:6:HAL_UART_RxCpltCallback	16	static
../Core/Src/display_bridge_rx.c:303:6:HAL_UART_ErrorCallback	16	static
