../Core/Src/display_bridge_rx.c:105:13:DisplayBridgeRx_ResetSimSession	8	static
../Core/Src/display_bridge_rx.c:127:13:DisplayBridgeRx_EnsureSimulationInitialized	0	static
../Core/Src/display_bridge_rx.c:234:13:DisplayBridgeRx_GetSimulatedSnapshot	24	static
../Core/Src/display_bridge_rx.c:394:6:DisplayBridgeRx_Init	0	static
../Core/Src/display_bridge_rx.c:420:6:DisplayBridgeRx_GetLatestSnapshot	0	static
../Core/Src/display_bridge_rx.c:478:6:DisplayBridgeRx_GetLatestPressureMbar	40	static
../Core/Src/display_bridge_rx.c:496:6:DisplayBridgeRx_SendVacuumStartCommand	8	static
../Core/Src/display_bridge_rx.c:517:6:DisplayBridgeRx_SendVacuumPauseCommand	8	static
../Core/Src/display_bridge_rx.c:532:6:DisplayBridgeRx_SendVacuumResumeCommand	8	static
../Core/Src/display_bridge_rx.c:551:6:DisplayBridgeRx_SendVacuumEndCommand	8	static
../Core/Src/display_bridge_rx.c:562:6:DisplayBridgeRx_SendVacuumStopCommand	8	static
../Core/Src/display_bridge_rx.c:573:6:DisplayBridgeRx_SendBandyTargetCommand	8	static
../Core/Src/display_bridge_rx.c:593:6:DisplayBridgeRx_SendRfidScanStartCommand	8	static
../Core/Src/display_bridge_rx.c:608:6:DisplayBridgeRx_SendRfidScanStopCommand	8	static
../Core/Src/display_bridge_rx.c:619:6:DisplayBridgeRx_SendFramStatus	0	static
../Core/Src/display_bridge_rx.c:656:6:HAL_UART_RxCpltCallback	0	static
../Core/Src/display_bridge_rx.c:672:6:HAL_UART_ErrorCallback	0	static
