../Core/Src/RVA15MD_DisplayDriver.c:94:13:DisplayInvalidateCachedArea	0	static
../Core/Src/RVA15MD_DisplayDriver.c:71:13:DisplaySendCommandDataArray	24	static
../Core/Src/RVA15MD_DisplayDriver.c:84:13:DisplaySendCommand	0	static
../Core/Src/RVA15MD_DisplayDriver.c:112:12:DisplaySetAreaChecked.part.0	40	static
../Core/Src/RVA15MD_DisplayDriver.c:48:6:setVSYNC	0	static
../Core/Src/RVA15MD_DisplayDriver.c:49:6:clearVSYNC	0	static
../Core/Src/RVA15MD_DisplayDriver.c:151:6:DisplayDriver_DisplayOn	8	static
../Core/Src/RVA15MD_DisplayDriver.c:157:6:Display_OFF	8	static
../Core/Src/RVA15MD_DisplayDriver.c:163:6:Display_Set_Area	12	static
../Core/Src/RVA15MD_DisplayDriver.c:168:6:DisplayDriver_DisplayInit	32	static
../Core/Src/RVA15MD_DisplayDriver.c:245:6:DisplayDriver_Clear	24	static
../Core/Src/RVA15MD_DisplayDriver.c:290:6:DisplayDriver_DisplayReset	8	static
../Core/Src/RVA15MD_DisplayDriver.c:299:6:DisplayDriver_Init	0	static
../Core/Src/RVA15MD_DisplayDriver.c:305:5:touchgfxDisplayDriverTransmitActive	0	static
../Core/Src/RVA15MD_DisplayDriver.c:310:6:touchgfxDisplayDriverTransmitBlock	32	static
../Core/Src/RVA15MD_DisplayDriver.c:347:6:HAL_SPI_TxCpltCallback	8	static
../Core/Src/RVA15MD_DisplayDriver.c:357:6:DisplayDriver_DMACallback	0	static
../Core/Src/RVA15MD_DisplayDriver.c:362:5:touchgfxDisplayDriverShouldTransferBlock	0	static
