../Core/Src/RVA15MD_DisplayDriver.c:27:6:setVSYNC	4	static
../Core/Src/RVA15MD_DisplayDriver.c:28:6:clearVSYNC	4	static
../Core/Src/RVA15MD_DisplayDriver.c:34:13:SPI_SetDataWidth16	4	static
../Core/Src/RVA15MD_DisplayDriver.c:43:13:SPI_SetDataWidth8	4	static
../Core/Src/RVA15MD_DisplayDriver.c:55:13:DisplaySendCommandDataArray	24	static
../Core/Src/RVA15MD_DisplayDriver.c:68:13:DisplaySendCommand	16	static
../Core/Src/RVA15MD_DisplayDriver.c:73:13:DisplaySendCommandData	16	static
../Core/Src/RVA15MD_DisplayDriver.c:81:6:DisplayDriver_DisplayOn	8	static
../Core/Src/RVA15MD_DisplayDriver.c:87:6:Display_OFF	8	static
../Core/Src/RVA15MD_DisplayDriver.c:93:6:Display_Set_Area	32	static
../Core/Src/RVA15MD_DisplayDriver.c:124:6:DisplayDriver_DisplayInit	24	static
../Core/Src/RVA15MD_DisplayDriver.c:172:6:DisplayDriver_DisplayReset	8	static
../Core/Src/RVA15MD_DisplayDriver.c:180:6:DisplayDriver_Init	4	static
../Core/Src/RVA15MD_DisplayDriver.c:186:5:touchgfxDisplayDriverTransmitActive	4	static
../Core/Src/RVA15MD_DisplayDriver.c:191:6:touchgfxDisplayDriverTransmitBlock	40	static
../Core/Src/RVA15MD_DisplayDriver.c:219:6:DisplayDriver_DMACallback	4	static
../Core/Src/RVA15MD_DisplayDriver.c:224:5:touchgfxDisplayDriverShouldTransferBlock	16	static
