../Core/Src/RVA15MD_DisplayDriver.c:59:13:DisplaySendCommandDataArray	24	static
../Core/Src/RVA15MD_DisplayDriver.c:72:13:DisplaySendCommand	0	static
../Core/Src/RVA15MD_DisplayDriver.c:36:6:setVSYNC	0	static
../Core/Src/RVA15MD_DisplayDriver.c:37:6:clearVSYNC	0	static
../Core/Src/RVA15MD_DisplayDriver.c:85:6:DisplayDriver_DisplayOn	8	static
../Core/Src/RVA15MD_DisplayDriver.c:91:6:Display_OFF	8	static
../Core/Src/RVA15MD_DisplayDriver.c:97:6:Display_Set_Area	40	static
../Core/Src/RVA15MD_DisplayDriver.c:128:6:DisplayDriver_DisplayInit	32	static
../Core/Src/RVA15MD_DisplayDriver.c:204:6:DisplayDriver_DisplayReset	8	static
../Core/Src/RVA15MD_DisplayDriver.c:212:6:DisplayDriver_Init	0	static
../Core/Src/RVA15MD_DisplayDriver.c:218:5:touchgfxDisplayDriverTransmitActive	0	static
../Core/Src/RVA15MD_DisplayDriver.c:223:6:touchgfxDisplayDriverTransmitBlock	32	static
../Core/Src/RVA15MD_DisplayDriver.c:250:6:HAL_SPI_TxCpltCallback	8	static
../Core/Src/RVA15MD_DisplayDriver.c:260:6:DisplayDriver_DMACallback	0	static
../Core/Src/RVA15MD_DisplayDriver.c:265:5:touchgfxDisplayDriverShouldTransferBlock	0	static
