../Core/Src/RVA15MD_DisplayDriver.c:30:6:setVSYNC	4	static
../Core/Src/RVA15MD_DisplayDriver.c:31:6:clearVSYNC	4	static
../Core/Src/RVA15MD_DisplayDriver.c:38:13:convertRGB565toRGB666	32	static
../Core/Src/RVA15MD_DisplayDriver.c:53:13:DisplaySendCommandDataArray	24	static
../Core/Src/RVA15MD_DisplayDriver.c:66:13:DisplaySendCommand	16	static
../Core/Src/RVA15MD_DisplayDriver.c:71:13:DisplaySendCommandData	16	static
../Core/Src/RVA15MD_DisplayDriver.c:79:6:DisplayDriver_DisplayOn	8	static
../Core/Src/RVA15MD_DisplayDriver.c:85:6:Display_OFF	8	static
../Core/Src/RVA15MD_DisplayDriver.c:91:6:Display_Set_Area	32	static
../Core/Src/RVA15MD_DisplayDriver.c:122:6:DisplayDriver_DisplayInit	24	static
../Core/Src/RVA15MD_DisplayDriver.c:194:6:DisplayDriver_DisplayReset	8	static
../Core/Src/RVA15MD_DisplayDriver.c:202:6:DisplayDriver_Init	4	static
../Core/Src/RVA15MD_DisplayDriver.c:208:5:touchgfxDisplayDriverTransmitActive	4	static
../Core/Src/RVA15MD_DisplayDriver.c:213:6:touchgfxDisplayDriverTransmitBlock	40	static
../Core/Src/RVA15MD_DisplayDriver.c:240:6:HAL_SPI_TxCpltCallback	16	static
../Core/Src/RVA15MD_DisplayDriver.c:250:6:DisplayDriver_DMACallback	4	static
../Core/Src/RVA15MD_DisplayDriver.c:255:5:touchgfxDisplayDriverShouldTransferBlock	16	static
