../Core/Src/stm32f4xx_it.c:75:6:NMI_Handler	0	static
../Core/Src/stm32f4xx_it.c:90:6:HardFault_Handler	0	static
../Core/Src/stm32f4xx_it.c:105:6:MemManage_Handler	0	static
../Core/Src/stm32f4xx_it.c:120:6:BusFault_Handler	0	static
../Core/Src/stm32f4xx_it.c:135:6:UsageFault_Handler	0	static
../Core/Src/stm32f4xx_it.c:150:6:SVC_Handler	0	static
../Core/Src/stm32f4xx_it.c:163:6:DebugMon_Handler	0	static
../Core/Src/stm32f4xx_it.c:176:6:PendSV_Handler	0	static
../Core/Src/stm32f4xx_it.c:189:6:SysTick_Handler	0	static
../Core/Src/stm32f4xx_it.c:210:6:DMA1_Stream0_IRQHandler	0	static
../Core/Src/stm32f4xx_it.c:223:6:DMA1_Stream5_IRQHandler	0	static
../Core/Src/stm32f4xx_it.c:236:6:TIM1_TRG_COM_TIM11_IRQHandler	8	static
../Core/Src/stm32f4xx_it.c:251:6:EXTI15_10_IRQHandler	8	static
../Core/Src/stm32f4xx_it.c:266:6:SPI3_IRQHandler	0	static
../Core/Src/stm32f4xx_it.c:277:6:USART2_IRQHandler	0	static
../Core/Src/stm32f4xx_it.c:286:6:DMA2_Stream3_IRQHandler	0	static
../Core/Src/stm32f4xx_it.c:294:6:HAL_TIM_PeriodElapsedCallback	0	static
../Core/Src/stm32f4xx_it.c:306:6:HAL_GPIO_EXTI_Callback	0	static
