../Core/Src/w25q64.c:160:13:W25Q64_IdIsExpected	0	static
../Core/Src/w25q64.c:67:13:W25Q64_Deselect	0	static
../Core/Src/w25q64.c:62:13:W25Q64_Select	0	static
../Core/Src/w25q64.c:167:13:W25Q64_SendReadHeader	16	static
../Core/Src/w25q64.c:546:13:W25Q64_WriteEnable	16	static
../Core/Src/w25q64.c:557:13:W25Q64_WaitWhileBusy	24	static
../Core/Src/w25q64.c:103:13:W25Q64_CommandRead.part.0	24	static
../Core/Src/w25q64.c:148:13:W25Q64_ReleasePowerDown	16	static
../Core/Src/w25q64.c:130:13:W25Q64_ResetDevice	16	static
../Core/Src/w25q64.c:142:13:W25Q64_ReadJedecId	16	static
../Core/Src/w25q64.c:213:6:W25Q64_IsReady	0	static
../Core/Src/w25q64.c:218:6:W25Q64_GetJedecId	0	static
../Core/Src/w25q64.c:514:6:W25Q64_IsDmaReadActive	0	static
../Core/Src/w25q64.c:519:6:W25Q64_WaitForDmaRead	16	static
../Core/Src/w25q64.c:72:13:W25Q64_SetSpiMode	16	static
../Core/Src/w25q64.c:192:6:W25Q64_Init	24	static
../Core/Src/w25q64.c:228:6:W25Q64_ProbeStable	24	static
../Core/Src/w25q64.c:256:6:W25Q64_RunDiagnostic	48	static
../Core/Src/w25q64.c:459:6:W25Q64_Read	16	static
../Core/Src/w25q64.c:334:6:W25Q64_ValidateAssetPackage	336	static
../Core/Src/w25q64.c:484:6:W25Q64_StartDmaRead	24	static
../Core/Src/w25q64.c:538:6:W25Q64_DmaCompleteCallback	8	static
../Core/Src/w25q64.c:583:6:W25Q64_EraseSector	16	static
../Core/Src/w25q64.c:610:6:W25Q64_EraseChip	16	static
../Core/Src/w25q64.c:631:6:W25Q64_ProgramPage	24	static
../Core/Src/w25q64.c:673:6:W25Q64_Write	32	static
../Core/Src/w25q64.c:377:6:W25Q64_SelfTest	288	static
../Core/Src/w25q64.c:709:6:HAL_SPI_RxCpltCallback	0	static
../Core/Src/w25q64.c:701:6:HAL_SPI_TxRxCpltCallback	0	static
../Core/Src/w25q64.c:717:6:HAL_SPI_ErrorCallback	0	static
