../Core/Src/w25q64.c:40:13:W25Q64_Select	0	static
../Core/Src/w25q64.c:45:13:W25Q64_Deselect	0	static
../Core/Src/w25q64.c:50:13:W25Q64_SendReadHeader	16	static
../Core/Src/w25q64.c:240:13:W25Q64_WriteEnable	16	static
../Core/Src/w25q64.c:251:13:W25Q64_WaitWhileBusy	24	static
../Core/Src/w25q64.c:75:6:W25Q64_Init	24	static
../Core/Src/w25q64.c:98:6:W25Q64_IsReady	0	static
../Core/Src/w25q64.c:103:6:W25Q64_GetJedecId	0	static
../Core/Src/w25q64.c:208:6:W25Q64_IsDmaReadActive	0	static
../Core/Src/w25q64.c:213:6:W25Q64_WaitForDmaRead	16	static
../Core/Src/w25q64.c:153:6:W25Q64_Read	16	static
../Core/Src/w25q64.c:113:6:W25Q64_ValidateAssetPackage	312	static
../Core/Src/w25q64.c:178:6:W25Q64_StartDmaRead	24	static
../Core/Src/w25q64.c:232:6:W25Q64_DmaCompleteCallback	8	static
../Core/Src/w25q64.c:277:6:W25Q64_EraseSector	16	static
../Core/Src/w25q64.c:304:6:W25Q64_EraseChip	16	static
../Core/Src/w25q64.c:325:6:W25Q64_ProgramPage	24	static
../Core/Src/w25q64.c:367:6:W25Q64_Write	32	static
../Core/Src/w25q64.c:403:6:HAL_SPI_RxCpltCallback	0	static
../Core/Src/w25q64.c:395:6:HAL_SPI_TxRxCpltCallback	0	static
../Core/Src/w25q64.c:411:6:HAL_SPI_ErrorCallback	0	static
