../TouchGFX/generated/texts/src/TypedTextDatabase.cpp:183:43:const touchgfx::TypedText::TypedTextData* TypedTextDatabase::getInstance(touchgfx::LanguageId)	0	static
../TouchGFX/generated/texts/src/TypedTextDatabase.cpp:188:10:uint16_t TypedTextDatabase::getInstanceSize()	0	static
../TouchGFX/generated/texts/src/TypedTextDatabase.cpp:193:24:const touchgfx::Font** TypedTextDatabase::getFonts()	0	static
../TouchGFX/generated/texts/src/TypedTextDatabase.cpp:198:23:const touchgfx::Font* TypedTextDatabase::setFont(touchgfx::FontId, const touchgfx::Font*)	0	static
../TouchGFX/generated/texts/src/TypedTextDatabase.cpp:205:6:void TypedTextDatabase::resetFont(touchgfx::FontId)	8	static
../TouchGFX/generated/texts/src/TypedTextDatabase.cpp:235:1:cpp)	8	static
