../TouchGFX/gui/include/gui/screen6_screen/Screen6Presenter.hpp:34:13:Screen6Presenter::~Screen6Presenter()	0	static
../TouchGFX/gui/src/screen6_screen/Screen6Presenter.cpp:19:6:virtual void Screen6Presenter::deactivate()	0	static
../TouchGFX/gui/include/gui/screen6_screen/Screen6Presenter.hpp:34:13:virtual Screen6Presenter::~Screen6Presenter()	8	static
../TouchGFX/gui/src/screen6_screen/Screen6Presenter.cpp:24:6:virtual void Screen6Presenter::bandyStateUpdated(const BandyState&)	0	static
../TouchGFX/gui/src/screen6_screen/Screen6Presenter.cpp:10:6:virtual void Screen6Presenter::activate()	32	static
../TouchGFX/gui/include/gui/screen6_screen/Screen6Presenter.hpp:34:13:virtual void* Screen6Presenter::_ZThn4_N16Screen6PresenterD1Ev()	0	static
../TouchGFX/gui/src/screen6_screen/Screen6Presenter.cpp:4:1:Screen6Presenter::Screen6Presenter(Screen6View&)	0	static
../TouchGFX/gui/src/screen6_screen/Screen6Presenter.cpp:29:12:BandyState Screen6Presenter::getBandyState() const	8	static
../TouchGFX/gui/src/screen6_screen/Screen6Presenter.cpp:34:6:void Screen6Presenter::resumeDemo()	0	static
../TouchGFX/gui/src/screen6_screen/Screen6Presenter.cpp:42:6:void Screen6Presenter::endDemo()	0	static
