../TouchGFX/gui/include/gui/model/Model.hpp:21:13:int32_t Model::getCurrentPressureMbar() const	16	static
../TouchGFX/gui/include/gui/model/Model.hpp:26:13:int32_t Model::getSetpointMbar() const	16	static
../TouchGFX/gui/include/gui/model/ModelListener.hpp:10:5:ModelListener::ModelListener()	16	static
../TouchGFX/gui/include/gui/model/ModelListener.hpp:12:13:ModelListener::~ModelListener()	16	static
../TouchGFX/gui/include/gui/model/ModelListener.hpp:12:13:virtual ModelListener::~ModelListener()	16	static
../TouchGFX/gui/include/gui/model/ModelListener.hpp:19:18:virtual void ModelListener::vacuumStateUpdated(int32_t, int32_t)	24	static
../Middlewares/ST/touchgfx/framework/include/mvp/Presenter.hpp:37:18:virtual void touchgfx::Presenter::activate()	16	static
../Middlewares/ST/touchgfx/framework/include/mvp/Presenter.hpp:47:18:virtual void touchgfx::Presenter::deactivate()	16	static
../Middlewares/ST/touchgfx/framework/include/mvp/Presenter.hpp:52:13:touchgfx::Presenter::~Presenter()	16	static
../Middlewares/ST/touchgfx/framework/include/mvp/Presenter.hpp:52:13:virtual touchgfx::Presenter::~Presenter()	16	static
../Middlewares/ST/touchgfx/framework/include/mvp/Presenter.hpp:58:5:touchgfx::Presenter::Presenter()	16	static
../TouchGFX/gui/include/gui/screen2_screen/Screen2Presenter.hpp:21:13:Screen2Presenter::~Screen2Presenter()	16	static
../TouchGFX/gui/include/gui/screen2_screen/Screen2Presenter.hpp:21:13:virtual Screen2Presenter::~Screen2Presenter()	16	static
../TouchGFX/gui/src/screen1_screen/Screen2Presenter.cpp:4:1:Screen2Presenter::Screen2Presenter(Screen2View&)	16	static
../TouchGFX/gui/src/screen1_screen/Screen2Presenter.cpp:9:6:virtual void Screen2Presenter::activate()	24	static
../TouchGFX/gui/src/screen1_screen/Screen2Presenter.cpp:18:6:virtual void Screen2Presenter::deactivate()	16	static
../TouchGFX/gui/src/screen1_screen/Screen2Presenter.cpp:22:6:virtual void Screen2Presenter::vacuumStateUpdated(int32_t, int32_t)	24	static
