../Middlewares/ST/touchgfx/framework/include/touchgfx/Screen.hpp:104:18:virtual void touchgfx::Screen::afterTransition()	0	static
../Middlewares/ST/touchgfx/framework/include/touchgfx/Screen.hpp:144:18:virtual void touchgfx::Screen::handleTickEvent()	0	static
../Middlewares/ST/touchgfx/framework/include/touchgfx/Screen.hpp:154:18:virtual void touchgfx::Screen::handleKeyEvent(uint8_t)	0	static
../Middlewares/ST/touchgfx/framework/include/touchgfx/TypedText.hpp:65:13:touchgfx::TypedText::~TypedText()	0	static
../TouchGFX/gui/src/screen3_screen/Screen3View.cpp:40:6:virtual void Screen3View::tearDownScreen()	0	static
../TouchGFX/gui/src/screen3_screen/Screen3View.cpp:46:6:virtual void Screen3View::openSetpointClicked()	8	static
../TouchGFX/gui/src/screen3_screen/Screen3View.cpp:51:6:virtual void Screen3View::startClicked()	0	static
../Middlewares/ST/touchgfx/framework/include/touchgfx/TypedText.hpp:65:13:virtual touchgfx::TypedText::~TypedText()	8	static
../TouchGFX/gui/include/gui/screen3_screen/Screen3View.hpp:12:13:Screen3View::~Screen3View()	8	static
../TouchGFX/gui/include/gui/screen3_screen/Screen3View.hpp:12:13:virtual Screen3View::~Screen3View()	8	static
../TouchGFX/gui/src/screen3_screen/Screen3View.cpp:18:1:Screen3View::Screen3View()	8	static
../TouchGFX/gui/src/screen3_screen/Screen3View.cpp:95:6:void Screen3View::updateTargetDisplay(int32_t)	8	static
../TouchGFX/gui/src/screen3_screen/Screen3View.cpp:101:6:void Screen3View::updateStartControl(BandySessionState)	40	static
../TouchGFX/gui/src/screen3_screen/Screen3View.cpp:66:6:void Screen3View::applyBandyState(const BandyState&)	24	static
../TouchGFX/gui/src/screen3_screen/Screen3View.cpp:26:6:virtual void Screen3View::setupScreen()	32	static
