../TouchGFX/gui/include/gui/screen3_screen/Screen3Presenter.hpp:16:13:Screen3Presenter::~Screen3Presenter()	0	static
../TouchGFX/gui/src/screen3_screen/Screen3Presenter.cpp:18:6:virtual void Screen3Presenter::deactivate()	0	static
../TouchGFX/gui/include/gui/screen3_screen/Screen3Presenter.hpp:16:13:virtual Screen3Presenter::~Screen3Presenter()	8	static
../TouchGFX/gui/src/screen3_screen/Screen3Presenter.cpp:22:6:virtual void Screen3Presenter::bandyStateUpdated(const BandyState&)	0	static
../TouchGFX/gui/src/screen3_screen/Screen3Presenter.cpp:9:6:virtual void Screen3Presenter::activate()	32	static
../TouchGFX/gui/include/gui/screen3_screen/Screen3Presenter.hpp:16:13:virtual void* Screen3Presenter::_ZThn4_N16Screen3PresenterD1Ev()	0	static
../TouchGFX/gui/src/screen3_screen/Screen3Presenter.cpp:4:1:Screen3Presenter::Screen3Presenter(Screen3View&)	0	static
../TouchGFX/gui/src/screen3_screen/Screen3Presenter.cpp:27:12:BandyState Screen3Presenter::getBandyState() const	8	static
../TouchGFX/gui/src/screen3_screen/Screen3Presenter.cpp:32:6:void Screen3Presenter::startDemo()	0	static
../TouchGFX/gui/src/screen3_screen/Screen3Presenter.cpp:40:6:void Screen3Presenter::stopDemo()	0	static
../TouchGFX/gui/src/screen3_screen/Screen3Presenter.cpp:48:6:void Screen3Presenter::increaseTarget()	0	static
../TouchGFX/gui/src/screen3_screen/Screen3Presenter.cpp:56:6:void Screen3Presenter::decreaseTarget()	0	static
../TouchGFX/gui/src/screen3_screen/Screen3Presenter.cpp:64:6:bool Screen3Presenter::isVacuumCycleRunning() const	0	static
