../Middlewares/ST/touchgfx/framework/include/touchgfx/Screen.hpp:104:18:virtual void touchgfx::Screen::afterTransition()	0	static
../Middlewares/ST/touchgfx/framework/include/touchgfx/Screen.hpp:144:18:virtual void touchgfx::Screen::handleTickEvent()	0	static
../Middlewares/ST/touchgfx/framework/include/touchgfx/Screen.hpp:154:18:virtual void touchgfx::Screen::handleKeyEvent(uint8_t)	0	static
../Middlewares/ST/touchgfx/framework/include/touchgfx/Callback.hpp:424:8:touchgfx::Callback<Screen10View>::~Callback()	0	static
../TouchGFX/gui/src/screen10_screen/Screen10View.cpp:50:6:virtual void Screen10View::tearDownScreen()	0	static
../Middlewares/ST/touchgfx/framework/include/touchgfx/Callback.hpp:449:18:void touchgfx::Callback<dest_type, void, void, void>::execute() [with dest_type = Screen10View]	4	static
../Middlewares/ST/touchgfx/framework/include/touchgfx/Callback.hpp:459:18:bool touchgfx::Callback<dest_type, void, void, void>::isValid() const [with dest_type = Screen10View]	0	static
../Middlewares/ST/touchgfx/framework/include/touchgfx/Callback.hpp:424:8:virtual touchgfx::Callback<Screen10View>::~Callback()	8	static
../TouchGFX/gui/src/screen10_screen/Screen10View.cpp:55:6:virtual void Screen10View::backClicked()	8	static
../TouchGFX/gui/include/gui/screen10_screen/Screen10View.hpp:12:13:Screen10View::~Screen10View()	8	static
../TouchGFX/gui/include/gui/screen10_screen/Screen10View.hpp:12:13:virtual Screen10View::~Screen10View()	8	static
../TouchGFX/gui/src/screen10_screen/Screen10View.cpp:33:1:Screen10View::Screen10View()	8	static
../TouchGFX/gui/src/screen10_screen/Screen10View.cpp:77:6:void Screen10View::showPage(uint8_t)	40	static
../TouchGFX/gui/src/screen10_screen/Screen10View.cpp:60:6:virtual void Screen10View::previousPageClicked()	0	static
../TouchGFX/gui/src/screen10_screen/Screen10View.cpp:123:6:void Screen10View::activateSlot(uint8_t)	8	static
../TouchGFX/gui/src/screen10_screen/Screen10View.cpp:149:6:void Screen10View::row0Clicked()	0	static
../TouchGFX/gui/src/screen10_screen/Screen10View.cpp:154:6:void Screen10View::row1Clicked()	0	static
../TouchGFX/gui/src/screen10_screen/Screen10View.cpp:159:6:void Screen10View::row2Clicked()	0	static
../TouchGFX/gui/src/screen10_screen/Screen10View.cpp:41:6:virtual void Screen10View::setupScreen()	8	static
