../TouchGFX/gui/include/gui/model/ModelListener.hpp:25:18:virtual void ModelListener::bandyStateUpdated(const BandyState&)	0	static
../TouchGFX/gui/include/gui/model/ModelListener.hpp:30:18:virtual void ModelListener::pneumaticPretestUpdated(const PneumaticPretestStatus&)	0	static
../TouchGFX/gui/include/gui/screen9_screen/Screen9Presenter.hpp:27:13:Screen9Presenter::~Screen9Presenter()	0	static
../TouchGFX/gui/src/screen9_screen/Screen9Presenter.cpp:19:6:virtual void Screen9Presenter::activate()	0	static
../TouchGFX/gui/include/gui/screen9_screen/Screen9Presenter.hpp:27:13:virtual Screen9Presenter::~Screen9Presenter()	8	static
../TouchGFX/gui/include/gui/screen9_screen/Screen9Presenter.hpp:27:13:virtual void* Screen9Presenter::_ZThn4_N16Screen9PresenterD1Ev()	0	static
../TouchGFX/gui/src/screen9_screen/Screen9Presenter.cpp:9:1:Screen9Presenter::Screen9Presenter(Screen9View&)	0	static
../TouchGFX/gui/src/screen9_screen/Screen9Presenter.cpp:35:16:HemorflowState Screen9Presenter::getHemorflowState() const	0	static
../TouchGFX/gui/src/screen9_screen/Screen9Presenter.cpp:45:6:bool Screen9Presenter::shouldReturnToHemorflowWait() const	0	static
