../Middlewares/ST/touchgfx/framework/include/touchgfx/Screen.hpp:104:18:virtual void touchgfx::Screen::afterTransition()	0	static
../Middlewares/ST/touchgfx/framework/include/touchgfx/Screen.hpp:154:18:virtual void touchgfx::Screen::handleKeyEvent(uint8_t)	0	static
../TouchGFX/gui/src/screen9_screen/Screen9View.cpp:31:6:virtual void Screen9View::tearDownScreen()	0	static
../TouchGFX/gui/include/gui/screen9_screen/Screen9View.hpp:21:13:Screen9View::~Screen9View()	8	static
../TouchGFX/gui/include/gui/screen9_screen/Screen9View.hpp:21:13:virtual Screen9View::~Screen9View()	8	static
../TouchGFX/gui/src/screen9_screen/Screen9View.cpp:9:1:Screen9View::Screen9View()	8	static
../TouchGFX/gui/src/screen9_screen/Screen9View.cpp:63:6:void Screen9View::applyHemorflowState()	24	static
../TouchGFX/gui/src/screen9_screen/Screen9View.cpp:17:6:virtual void Screen9View::setupScreen()	16	static
../TouchGFX/gui/src/screen9_screen/Screen9View.cpp:41:6:virtual void Screen9View::handleTickEvent()	8	static
